
[1m[46m RUN [49m[22m [36mv4.0.16 [39m[90mG:/Mr.R/Work/Software/maktab-al-kalam[39m

 [32mΓ£ô[39m tests/services/geminiService.test.ts [2m([22m[2m15 tests[22m[2m)[22m[32m 25[2mms[22m[39m
 [32mΓ£ô[39m tests/constants.test.ts [2m([22m[2m11 tests[22m[2m)[22m[32m 29[2mms[22m[39m
 [32mΓ£ô[39m tests/components/Button.test.tsx [2m([22m[2m13 tests[22m[2m)[22m[32m 106[2mms[22m[39m
 [32mΓ£ô[39m tests/components/LogoutButton.test.tsx [2m([22m[2m5 tests[22m[2m)[22m[32m 76[2mms[22m[39m
 [31mΓ¥»[39m tests/components/QuestionCard.test.tsx [2m([22m[2m14 tests[22m[2m | [22m[31m3 failed[39m[2m)[22m[32m 232[2mms[22m[39m
       [32mΓ£ô[39m should render question text[32m 47[2mms[22m[39m
       [32mΓ£ô[39m should render all options[32m 9[2mms[22m[39m
       [32mΓ£ô[39m should call onAnswer with correct parameters when option is selected[32m 11[2mms[22m[39m
       [32mΓ£ô[39m should call onAnswer with isCorrect=false for wrong answer[32m 7[2mms[22m[39m
[31m       [31m├ù[31m should show saved answer state when provided[39m[32m 35[2mms[22m[39m
       [32mΓ£ô[39m should render question text[32m 12[2mms[22m[39m
       [32mΓ£ô[39m should render input field for answer[32m 19[2mms[22m[39m
       [32mΓ£ô[39m should call onAnswer when form is submitted[32m 16[2mms[22m[39m
       [32mΓ£ô[39m should call onAnswer with isCorrect=false for wrong answer[32m 11[2mms[22m[39m
       [32mΓ£ô[39m should be case insensitive when checking answer[32m 12[2mms[22m[39m
[31m       [31m├ù[31m should display explanation after answering[39m[32m 10[2mms[22m[39m
[31m       [31m├ù[31m should show correct indicator for correct answers[39m[32m 24[2mms[22m[39m
       [32mΓ£ô[39m should show incorrect indicator for wrong answers[32m 9[2mms[22m[39m
       [32mΓ£ô[39m should display question number[32m 5[2mms[22m[39m
 [32mΓ£ô[39m tests/components/Login.test.tsx [2m([22m[2m9 tests[22m[2m)[22m[32m 284[2mms[22m[39m

ΓÄ»ΓÄ»ΓÄ»ΓÄ»ΓÄ»ΓÄ» Failed Suites 1 ΓÄ»ΓÄ»ΓÄ»ΓÄ»ΓÄ»ΓÄ»ΓÄ»

 FAIL  tests/utils/quizUtils.test.ts [ tests/utils/quizUtils.test.ts ]
Error: Failed to resolve import "../constants" from "tests/utils/quizUtils.test.ts". Does the file exist?
  Plugin: vite:import-analysis
  File: G:/Mr.R/Work/Software/maktab-al-kalam/tests/utils/quizUtils.test.ts:2:44
  1  |  import { describe, it, expect } from "vitest";
  2  |  import { TOPIC_CATEGORIES } from "../constants";
     |                                    ^
  3  |  import { QuestionType } from "../types";
  4  |  const calculateScore = (quizSession, userAnswers) => {
 Γ¥» TransformPluginContext._formatLog node_modules/vite/dist/node/chunks/dep-D4NMHUTW.js:42528:41
 Γ¥» TransformPluginContext.error node_modules/vite/dist/node/chunks/dep-D4NMHUTW.js:42525:16
 Γ¥» normalizeUrl node_modules/vite/dist/node/chunks/dep-D4NMHUTW.js:40504:23
 Γ¥» node_modules/vite/dist/node/chunks/dep-D4NMHUTW.js:40623:37
 Γ¥» TransformPluginContext.transform node_modules/vite/dist/node/chunks/dep-D4NMHUTW.js:40550:7
 Γ¥» EnvironmentPluginContainer.transform node_modules/vite/dist/node/chunks/dep-D4NMHUTW.js:42323:18
 Γ¥» loadAndTransform node_modules/vite/dist/node/chunks/dep-D4NMHUTW.js:35739:27

ΓÄ»ΓÄ»ΓÄ»ΓÄ»ΓÄ»ΓÄ»ΓÄ»ΓÄ»ΓÄ»ΓÄ»ΓÄ»ΓÄ»ΓÄ»ΓÄ»ΓÄ»ΓÄ»ΓÄ»ΓÄ»ΓÄ»ΓÄ»ΓÄ»ΓÄ»ΓÄ»ΓÄ»[1/4]ΓÄ»


ΓÄ»ΓÄ»ΓÄ»ΓÄ»ΓÄ»ΓÄ»ΓÄ» Failed Tests 3 ΓÄ»ΓÄ»ΓÄ»ΓÄ»ΓÄ»ΓÄ»ΓÄ»

 FAIL  tests/components/QuestionCard.test.tsx > QuestionCard Component > Multiple Choice Questions > should show saved answer state when provided
TestingLibraryElementError: Unable to find an element with the text: Option A is correct because.... This could be because the text is broken up by multiple elements. In this case, you can provide a function for your text matcher to make your matcher more flexible.

Ignored nodes: comments, script, style
<body>
  <div>
    <div
      class="bg-[#F0EAD6] dark:bg-slate-900 relative rounded-lg shadow-lg border-4 border-double border-[#5D4037]/40 dark:border-amber-500/60 mb-10 overflow-hidden transition-all duration-500 hover:shadow-[0_0_25px_rgba(74,55,40,0.2)] dark:hover:shadow-[0_0_35px_rgba(245,158,11,0.25)] group paper-torn"
    >
      <div
        class="h-2 bg-[#4A3728] dark:bg-amber-500 w-full transition-colors duration-500 group-hover:shadow-[0_0_15px_rgba(74,55,40,0.4)] dark:group-hover:shadow-[0_0_15px_rgba(245,158,11,0.6)]"
      />
      <div
        class="absolute top-0 left-1/2 -translate-x-1/2 w-32 h-8 bg-[#4A3728] dark:bg-amber-500 rounded-b-full flex items-center justify-center opacity-10 dark:opacity-20 transition-all duration-500 group-hover:opacity-20 dark:group-hover:opacity-30"
      />
      <div
        class="absolute inset-0 bg-[#E6DEC8] dark:bg-slate-800 rounded-lg -z-10 rotate-1 scale-[0.99] transition-colors duration-500"
      />
      <div
        class="absolute top-4 left-4 text-[#8D6E63]/40 dark:text-amber-500/40 pointer-events-none transition-colors duration-500 group-hover:text-[#5D4037]/60 dark:group-hover:text-amber-500/60"
      >
        <svg
          fill="none"
          height="24"
          stroke="currentColor"
          stroke-width="1"
          viewBox="0 0 24 24"
          width="24"
        >
          <path
            d="M0 0 L10 0 L0 10 Z"
          />
          <path
            d="M4 4 L14 4 L4 14 Z"
            opacity="0.5"
          />
        </svg>
      </div>
      <div
        class="absolute top-4 right-4 text-[#8D6E63]/40 dark:text-amber-500/40 pointer-events-none transform rotate-90 transition-colors duration-500 group-hover:text-[#5D4037]/60 dark:group-hover:text-amber-500/60"
      >
        <svg
          fill="none"
          height="24"
          stroke="currentColor"
          stroke-width="1"
          viewBox="0 0 24 24"
          width="24"
        >
          <path
            d="M0 0 L10 0 L0 10 Z"
          />
          <path
            d="M4 4 L14 4 L4 14 Z"
            opacity="0.5"
          />
        </svg>
      </div>
      <div
        class="p-8 relative z-10"
      >
        <div
          class="flex justify-between items-center mb-6 border-b border-[#5D4037]/10 dark:border-amber-500/30 pb-4"
        >
          <h3
            class="text-xl font-messiri text-[#4A3728] dark:text-amber-400 tracking-wide flex items-center gap-4 transition-colors duration-500"
          >
            <div
              class="relative w-10 h-10 flex items-center justify-center rounded-full border-2 border-[#4A3728] dark:border-amber-500 shadow-sm bg-[#E6DEC8] dark:bg-slate-950 transition-shadow duration-300 group-hover:shadow-[0_0_10px_rgba(74,55,40,0.3)] dark:group-hover:shadow-[0_0_10px_rgba(245,158,11,0.5)]"
            >
              <span
                class="text-lg font-bold font-markazi text-[#4A3728] dark:text-amber-500"
              >
                1
              </span>
            </div>
            Question
          </h3>
          <div
            class="flex items-center px-4 py-1.5 rounded-full border text-sm font-bold shadow-sm bg-[#F0FDF4] dark:bg-teal-900/50 text-[#15803D] dark:text-teal-300 border-[#15803D]/20 dark:border-teal-500/50"
          >
            <svg
              aria-hidden="true"
              class="lucide lucide-circle-check-big mr-2"
              fill="none"
              height="16"
              stroke="currentColor"
              stroke-linecap="round"
              stroke-linejoin="round"
              stroke-width="2"
              viewBox="0 0 24 24"
              width="16"
              xmlns="http://www.w3.org/2000/svg"
            >
              <path
                d="M21.801 10A10 10 0 1 1 17 3.335"
              />
              <path
                d="m9 11 3 3L22 4"
              />
            </svg>
             Correct
          </div>
        </div>
        <p
          class="text-[#2C1810] dark:text-slate-100 text-2xl mb-8 leading-relaxed font-markazi font-medium transition-colors duration-500"
          dir="auto"
        >
          Which sentence is correct?
        </p>
        <div
          class="grid grid-cols-1 md:grid-cols-2 gap-4"
        >
          <button
            class="border p-4 rounded-md text-left transition-all duration-300 font-markazi text-lg relative bg-[#F0FDF4] dark:bg-teal-900/60 border-[#15803D] dark:border-teal-500 text-[#15803D] dark:text-teal-300 shadow-sm"
            disabled=""
          >
            <span
              class="inline-block font-bold mr-3 font-messiri text-lg text-current"
            >
              A
              .
            </span>
            Option A
          </button>
          <button
            class="border p-4 rounded-md text-left transition-all duration-300 font-markazi text-lg relative bg-gray-50/50 dark:bg-slate-800/50 border-gray-200 dark:border-slate-700 text-gray-400 dark:text-slate-500"
            disabled=""
          >
            <span
              class="inline-block font-bold mr-3 font-messiri text-lg text-current"
            >
              B
              .
            </span>
            Option B
          </button>
          <button
            class="border p-4 rounded-md text-left transition-all duration-300 font-markazi text-lg relative bg-gray-50/50 dark:bg-slate-800/50 border-gray-200 dark:border-slate-700 text-gray-400 dark:text-slate-500"
            disabled=""
          >
            <span
              class="inline-block font-bold mr-3 font-messiri text-lg text-current"
            >
              C
              .
            </span>
            Option C
          </button>
          <button
            class="border p-4 rounded-md text-left transition-all duration-300 font-markazi text-lg relative bg-gray-50/50 dark:bg-slate-800/50 border-gray-200 dark:border-slate-700 text-gray-400 dark:text-slate-500"
            disabled=""
          >
            <span
              class="inline-block font-bold mr-3 font-messiri text-lg text-current"
            >
              D
              .
            </span>
            Option D
          </button>
        </div>
        <div
          class="mt-8 pt-6 border-t border-dashed border-[#5D4037]/20 dark:border-amber-500/30"
        >
          <button
            class="flex items-center text-sm text-[#8D6E63] dark:text-amber-400 hover:text-[#5D4037] dark:hover:text-amber-300 font-bold font-messiri focus:outline-none transition-all group uppercase tracking-wider shadow-none hover:drop-shadow-[0_0_8px_rgba(141,110,99,0.5)] dark:hover:drop-shadow-[0_0_5px_rgba(245,158,11,0.5)]"
          >
            <svg
              aria-hidden="true"
              class="lucide lucide-circle-question-mark mr-2 transition-transform group-hover:rotate-12"
              fill="none"
              height="18"
              stroke="currentColor"
              stroke-linecap="round"
              stroke-linejoin="round"
              stroke-width="2"
              viewBox="0 0 24 24"
              width="18"
              xmlns="http://www.w3.org/2000/svg"
            >
              <circle
                cx="12"
                cy="12"
                r="10"
              />
              <path
                d="M9.09 9a3 3 0 0 1 5.83 1c0 2-3 3-3 3"
              />
              <path
                d="M12 17h.01"
              />
            </svg>
            Read Explanation
          </button>
        </div>
      </div>
    </div>
  </div>
</body>
 Γ¥» Object.getElementError node_modules/@testing-library/dom/dist/config.js:37:19
 Γ¥» node_modules/@testing-library/dom/dist/query-helpers.js:76:38
 Γ¥» node_modules/@testing-library/dom/dist/query-helpers.js:52:17
 Γ¥» node_modules/@testing-library/dom/dist/query-helpers.js:95:19
 Γ¥» tests/components/QuestionCard.test.tsx:70:27
     68|             );
     69|             // The component should display the explanation after answΓÇª
     70|             expect(screen.getByText('Option A is correct because...'))ΓÇª
       |                           ^
     71|         });
     72|     });

ΓÄ»ΓÄ»ΓÄ»ΓÄ»ΓÄ»ΓÄ»ΓÄ»ΓÄ»ΓÄ»ΓÄ»ΓÄ»ΓÄ»ΓÄ»ΓÄ»ΓÄ»ΓÄ»ΓÄ»ΓÄ»ΓÄ»ΓÄ»ΓÄ»ΓÄ»ΓÄ»ΓÄ»[2/4]ΓÄ»

 FAIL  tests/components/QuestionCard.test.tsx > QuestionCard Component > Answered State > should display explanation after answering
TestingLibraryElementError: Unable to find an element with the text: Option A is correct because.... This could be because the text is broken up by multiple elements. In this case, you can provide a function for your text matcher to make your matcher more flexible.

Ignored nodes: comments, script, style
<body>
  <div>
    <div
      class="bg-[#F0EAD6] dark:bg-slate-900 relative rounded-lg shadow-lg border-4 border-double border-[#5D4037]/40 dark:border-amber-500/60 mb-10 overflow-hidden transition-all duration-500 hover:shadow-[0_0_25px_rgba(74,55,40,0.2)] dark:hover:shadow-[0_0_35px_rgba(245,158,11,0.25)] group paper-torn"
    >
      <div
        class="h-2 bg-[#4A3728] dark:bg-amber-500 w-full transition-colors duration-500 group-hover:shadow-[0_0_15px_rgba(74,55,40,0.4)] dark:group-hover:shadow-[0_0_15px_rgba(245,158,11,0.6)]"
      />
      <div
        class="absolute top-0 left-1/2 -translate-x-1/2 w-32 h-8 bg-[#4A3728] dark:bg-amber-500 rounded-b-full flex items-center justify-center opacity-10 dark:opacity-20 transition-all duration-500 group-hover:opacity-20 dark:group-hover:opacity-30"
      />
      <div
        class="absolute inset-0 bg-[#E6DEC8] dark:bg-slate-800 rounded-lg -z-10 rotate-1 scale-[0.99] transition-colors duration-500"
      />
      <div
        class="absolute top-4 left-4 text-[#8D6E63]/40 dark:text-amber-500/40 pointer-events-none transition-colors duration-500 group-hover:text-[#5D4037]/60 dark:group-hover:text-amber-500/60"
      >
        <svg
          fill="none"
          height="24"
          stroke="currentColor"
          stroke-width="1"
          viewBox="0 0 24 24"
          width="24"
        >
          <path
            d="M0 0 L10 0 L0 10 Z"
          />
          <path
            d="M4 4 L14 4 L4 14 Z"
            opacity="0.5"
          />
        </svg>
      </div>
      <div
        class="absolute top-4 right-4 text-[#8D6E63]/40 dark:text-amber-500/40 pointer-events-none transform rotate-90 transition-colors duration-500 group-hover:text-[#5D4037]/60 dark:group-hover:text-amber-500/60"
      >
        <svg
          fill="none"
          height="24"
          stroke="currentColor"
          stroke-width="1"
          viewBox="0 0 24 24"
          width="24"
        >
          <path
            d="M0 0 L10 0 L0 10 Z"
          />
          <path
            d="M4 4 L14 4 L4 14 Z"
            opacity="0.5"
          />
        </svg>
      </div>
      <div
        class="p-8 relative z-10"
      >
        <div
          class="flex justify-between items-center mb-6 border-b border-[#5D4037]/10 dark:border-amber-500/30 pb-4"
        >
          <h3
            class="text-xl font-messiri text-[#4A3728] dark:text-amber-400 tracking-wide flex items-center gap-4 transition-colors duration-500"
          >
            <div
              class="relative w-10 h-10 flex items-center justify-center rounded-full border-2 border-[#4A3728] dark:border-amber-500 shadow-sm bg-[#E6DEC8] dark:bg-slate-950 transition-shadow duration-300 group-hover:shadow-[0_0_10px_rgba(74,55,40,0.3)] dark:group-hover:shadow-[0_0_10px_rgba(245,158,11,0.5)]"
            >
              <span
                class="text-lg font-bold font-markazi text-[#4A3728] dark:text-amber-500"
              >
                1
              </span>
            </div>
            Question
          </h3>
          <div
            class="flex items-center px-4 py-1.5 rounded-full border text-sm font-bold shadow-sm bg-[#F0FDF4] dark:bg-teal-900/50 text-[#15803D] dark:text-teal-300 border-[#15803D]/20 dark:border-teal-500/50"
          >
            <svg
              aria-hidden="true"
              class="lucide lucide-circle-check-big mr-2"
              fill="none"
              height="16"
              stroke="currentColor"
              stroke-linecap="round"
              stroke-linejoin="round"
              stroke-width="2"
              viewBox="0 0 24 24"
              width="16"
              xmlns="http://www.w3.org/2000/svg"
            >
              <path
                d="M21.801 10A10 10 0 1 1 17 3.335"
              />
              <path
                d="m9 11 3 3L22 4"
              />
            </svg>
             Correct
          </div>
        </div>
        <p
          class="text-[#2C1810] dark:text-slate-100 text-2xl mb-8 leading-relaxed font-markazi font-medium transition-colors duration-500"
          dir="auto"
        >
          Which sentence is correct?
        </p>
        <div
          class="grid grid-cols-1 md:grid-cols-2 gap-4"
        >
          <button
            class="border p-4 rounded-md text-left transition-all duration-300 font-markazi text-lg relative bg-[#F0FDF4] dark:bg-teal-900/60 border-[#15803D] dark:border-teal-500 text-[#15803D] dark:text-teal-300 shadow-sm"
            disabled=""
          >
            <span
              class="inline-block font-bold mr-3 font-messiri text-lg text-current"
            >
              A
              .
            </span>
            Option A
          </button>
          <button
            class="border p-4 rounded-md text-left transition-all duration-300 font-markazi text-lg relative bg-gray-50/50 dark:bg-slate-800/50 border-gray-200 dark:border-slate-700 text-gray-400 dark:text-slate-500"
            disabled=""
          >
            <span
              class="inline-block font-bold mr-3 font-messiri text-lg text-current"
            >
              B
              .
            </span>
            Option B
          </button>
          <button
            class="border p-4 rounded-md text-left transition-all duration-300 font-markazi text-lg relative bg-gray-50/50 dark:bg-slate-800/50 border-gray-200 dark:border-slate-700 text-gray-400 dark:text-slate-500"
            disabled=""
          >
            <span
              class="inline-block font-bold mr-3 font-messiri text-lg text-current"
            >
              C
              .
            </span>
            Option C
          </button>
          <button
            class="border p-4 rounded-md text-left transition-all duration-300 font-markazi text-lg relative bg-gray-50/50 dark:bg-slate-800/50 border-gray-200 dark:border-slate-700 text-gray-400 dark:text-slate-500"
            disabled=""
          >
            <span
              class="inline-block font-bold mr-3 font-messiri text-lg text-current"
            >
              D
              .
            </span>
            Option D
          </button>
        </div>
        <div
          class="mt-8 pt-6 border-t border-dashed border-[#5D4037]/20 dark:border-amber-500/30"
        >
          <button
            class="flex items-center text-sm text-[#8D6E63] dark:text-amber-400 hover:text-[#5D4037] dark:hover:text-amber-300 font-bold font-messiri focus:outline-none transition-all group uppercase tracking-wider shadow-none hover:drop-shadow-[0_0_8px_rgba(141,110,99,0.5)] dark:hover:drop-shadow-[0_0_5px_rgba(245,158,11,0.5)]"
          >
            <svg
              aria-hidden="true"
              class="lucide lucide-circle-question-mark mr-2 transition-transform group-hover:rotate-12"
              fill="none"
              height="18"
              stroke="currentColor"
              stroke-linecap="round"
              stroke-linejoin="round"
              stroke-width="2"
              viewBox="0 0 24 24"
              width="18"
              xmlns="http://www.w3.org/2000/svg"
            >
              <circle
                cx="12"
                cy="12"
                r="10"
              />
              <path
                d="M9.09 9a3 3 0 0 1 5.83 1c0 2-3 3-3 3"
              />
              <path
                d="M12 17h.01"
              />
            </svg>
            Read Explanation
          </button>
        </div>
      </div>
    </div>
  </div>
</body>
 Γ¥» Object.getElementError node_modules/@testing-library/dom/dist/config.js:37:19
 Γ¥» node_modules/@testing-library/dom/dist/query-helpers.js:76:38
 Γ¥» node_modules/@testing-library/dom/dist/query-helpers.js:52:17
 Γ¥» node_modules/@testing-library/dom/dist/query-helpers.js:95:19
 Γ¥» tests/components/QuestionCard.test.tsx:126:27
    124|                 />
    125|             );
    126|             expect(screen.getByText('Option A is correct because...'))ΓÇª
       |                           ^
    127|         });
    128| 

ΓÄ»ΓÄ»ΓÄ»ΓÄ»ΓÄ»ΓÄ»ΓÄ»ΓÄ»ΓÄ»ΓÄ»ΓÄ»ΓÄ»ΓÄ»ΓÄ»ΓÄ»ΓÄ»ΓÄ»ΓÄ»ΓÄ»ΓÄ»ΓÄ»ΓÄ»ΓÄ»ΓÄ»[3/4]ΓÄ»

 FAIL  tests/components/QuestionCard.test.tsx > QuestionCard Component > Answered State > should show correct indicator for correct answers
AssertionError: expected 'border p-4 rounded-md text-left transΓÇª' to match /green|correct|success/i

- Expected: 
/green|correct|success/i

+ Received: 
"border p-4 rounded-md text-left transition-all duration-300 font-markazi text-lg relative bg-[#F0FDF4] dark:bg-teal-900/60 border-[#15803D] dark:border-teal-500 text-[#15803D] dark:text-teal-300 shadow-sm"

 Γ¥» tests/components/QuestionCard.test.tsx:139:42
    137|             // Check for correct indicator (green checkmark or similar)
    138|             const container = screen.getByText('Option A').closest('buΓÇª
    139|             expect(container?.className).toMatch(/green|correct|succesΓÇª
       |                                          ^
    140|         });
    141| 

ΓÄ»ΓÄ»ΓÄ»ΓÄ»ΓÄ»ΓÄ»ΓÄ»ΓÄ»ΓÄ»ΓÄ»ΓÄ»ΓÄ»ΓÄ»ΓÄ»ΓÄ»ΓÄ»ΓÄ»ΓÄ»ΓÄ»ΓÄ»ΓÄ»ΓÄ»ΓÄ»ΓÄ»[4/4]ΓÄ»


[2m Test Files [22m [1m[31m2 failed[39m[22m[2m | [22m[1m[32m5 passed[39m[22m[90m (7)[39m
[2m      Tests [22m [1m[31m3 failed[39m[22m[2m | [22m[1m[32m64 passed[39m[22m[90m (67)[39m
[2m   Start at [22m 02:13:12
[2m   Duration [22m 2.48s[2m (transform 1.13s, setup 3.21s, import 1.43s, tests 754ms, environment 6.92s)[22m

